-- Automatically generated by SQLQueryTestSuite
-- Number of queries: 2


-- !query 0
select hex('00') < hex('0f')
-- !query 0 schema
struct<(hex(00) < hex(0f)):boolean>
-- !query 0 output
true


-- !query 1
select hex('00') < hex('ff')
-- !query 1 schema
struct<(hex(00) < hex(ff)):boolean>
-- !query 1 output
true
